0 verbose cli /usr/bin/node /usr/bin/npm
1 info using npm@9.6.3
2 info using node@v19.9.0
3 timing npm:load:whichnode Completed in 2ms
4 timing config:load:defaults Completed in 1ms
5 timing config:load:file:/usr/lib/node_modules/npm/npmrc Completed in 18ms
6 timing config:load:builtin Completed in 18ms
7 timing config:load:cli Completed in 2ms
8 timing config:load:env Completed in 0ms
9 timing config:load:file:/tmp/tmp244l6bvj/.npmrc Completed in 1ms
10 timing config:load:project Completed in 2ms
11 timing config:load:file:/home/jupyter/.npmrc Completed in 1ms
12 timing config:load:user Completed in 1ms
13 timing config:load:file:/usr/etc/npmrc Completed in 0ms
14 timing config:load:global Completed in 0ms
15 timing config:load:setEnvs Completed in 1ms
16 timing config:load Completed in 26ms
17 timing npm:load:configload Completed in 26ms
18 timing npm:load:mkdirpcache Completed in 0ms
19 timing npm:load:mkdirplogs Completed in 1ms
20 verbose title npm pack /app/dedicated_front_extension
21 verbose argv "pack" "/app/dedicated_front_extension"
22 timing npm:load:setTitle Completed in 1ms
23 timing config:load:flatten Completed in 2ms
24 timing npm:load:display Completed in 3ms
25 verbose logfile logs-max:10 dir:/home/jupyter/.npm/_logs/2026-09-02T21_08_36_069Z-
26 verbose logfile /home/jupyter/.npm/_logs/2026-09-02T21_08_36_069Z-debug-0.log
27 timing npm:load:logFile Completed in 58ms
28 timing npm:load:timers Completed in 0ms
29 timing npm:load:configScope Completed in 0ms
30 timing npm:load Completed in 97ms
31 timing arborist:ctor Completed in 1ms
32 silly logfile start cleaning logs, removing 1 files
33 silly logfile done cleaning log files
34 notice
35 notice 📦  dedicated_front_extension@0.1.0
36 notice === Tarball Contents ===
37 notice 1.5kB LICENSE                         
37 notice 3.1kB README.md                       
37 notice 138B  lib/command-registry-plugin.d.ts
37 notice 1.5kB lib/command-registry-plugin.js  
37 notice 131B  lib/copy-path-plugin.d.ts       
37 notice 1.5kB lib/copy-path-plugin.js         
37 notice 138B  lib/current-notebook-plugin.d.ts
37 notice 1.2kB lib/current-notebook-plugin.js  
37 notice 128B  lib/dirty-plugin.d.ts           
37 notice 626B  lib/dirty-plugin.js             
37 notice 432B  lib/download-project.d.ts       
37 notice 1.2kB lib/download-project.js         
37 notice 288B  lib/env-plugin.d.ts             
37 notice 620B  lib/env-plugin.js               
37 notice 148B  lib/index.d.ts                  
37 notice 1.0kB lib/index.js                    
37 notice 134B  lib/launcher.d.ts               
37 notice 3.3kB lib/launcher.js                 
37 notice 138B  lib/message-listener-plugin.d.ts
37 notice 2.2kB lib/message-listener-plugin.js  
37 notice 136B  lib/notebook-state.d.ts         
37 notice 2.5kB lib/notebook-state.js           
37 notice 328B  lib/open-console.d.ts           
37 notice 738B  lib/open-console.js             
37 notice 401B  lib/open-notebook.d.ts          
37 notice 1.3kB lib/open-notebook.js            
37 notice 220B  lib/select-execution-config.d.ts
37 notice 7.7kB lib/select-execution-config.js  
37 notice 3.7kB package.json                    
37 notice 125B  schema/env.json                 
37 notice 138B  style/base.css                  
37 notice 25B   style/index.css                 
37 notice 21B   style/index.js                  
38 notice === Tarball Details ===
39 notice name:          dedicated_front_extension               
39 notice version:       0.1.0                                   
39 notice filename:      dedicated_front_extension-0.1.0.tgz     
39 notice package size:  10.0 kB                                 
39 notice unpacked size: 36.8 kB                                 
39 notice shasum:        be52d37eec27ae4395c4c6a1060b7772175143f2
39 notice integrity:     sha512-BQ7u4BIspoZXX[...]ZrBSq+h7FjNkQ==
39 notice total files:   33                                      
40 notice
41 timing command:pack Completed in 1710ms
42 verbose exit 0
43 timing npm Completed in 1823ms
44 info ok
